(GenMC Mode) Finished after 5 iterations, with 1 execution getting stuck.
