Running GenMC Verification...
error: Undefined Behavior: entering unreachable code
  --> tests/genmc/fail/simple/mixed-atomic-non-atomic/wna_wrlx_rrlx.rs:LL:CC
   |
LL |             std::hint::unreachable_unchecked();
   |             ^^^^^^^^^^^^^^^^^^^^^^^^^^^^^^^^^^ Undefined Behavior occurred here
   |
   = help: this indicates a bug in the program: it performed an invalid operation, and caused Undefined Behavior
   = help: see https://doc.rust-lang.org/nightly/reference/behavior-considered-undefined.html for further information
   = note: BACKTRACE on thread `unnamed-ID`:
   = note: inside `read_relaxed` at tests/genmc/fail/simple/mixed-atomic-non-atomic/wna_wrlx_rrlx.rs:LL:CC

note: some details are omitted, run with `MIRIFLAGS=-Zmiri-backtrace=full` for a verbose backtrace

note: add `-Zmiri-genmc-print-genmc-output` to MIRIFLAGS to see the detailed GenMC error report

error: aborting due to 1 previous error

