
(GenMC) Verification complete. No errors were detected.
Number of complete executions explored: 3
