Running GenMC Verification...
warning: GenMC currently does not model spurious failures of `compare_exchange_weak`. Miri with GenMC might miss bugs related to spurious failures.
  --> tests/genmc/pass/atomics/cas_failure_ord_racy_init.rs:LL:CC
   |
LL |                   if LOCK
   |  ____________________^
LL | |                     .compare_exchange_weak(UNINITIALIZED, GETTING_INIT, Relaxed, Relaxed)
   | |_________________________________________________________________________________________^ GenMC might miss possible behaviors of this code
   |
   = note: BACKTRACE on thread `unnamed-ID`:
   = note: inside `get_or_init` at tests/genmc/pass/atomics/cas_failure_ord_racy_init.rs:LL:CC
note: inside closure
  --> tests/genmc/pass/atomics/cas_failure_ord_racy_init.rs:LL:CC
   |
LL |             get_or_init(1);
   |             ^^^^^^^^^^^^^^
   = note: inside `<std::boxed::Box<{closure@tests/genmc/pass/atomics/cas_failure_ord_racy_init.rs:LL:CC}> as std::ops::FnOnce<()>>::call_once` at RUSTLIB/alloc/src/boxed.rs:LL:CC
note: inside `genmc::spawn_pthread_closure::thread_func::<{closure@tests/genmc/pass/atomics/cas_failure_ord_racy_init.rs:LL:CC}>`
  --> tests/genmc/pass/atomics/../../../utils/genmc.rs:LL:CC
   |
LL |         f();
   |         ^^^

Verification complete with 8 executions. No errors found.
Number of complete executions explored: 2
Number of blocked executions seen: 6
Verification took [TIME]s.
