
(GenMC) Verification complete. No errors were detected.
Number of complete executions explored: 4
Number of blocked executions seen: 1
