C++: GenMC handle created!
Miri: GenMC handle creation successful!
C++: GenMC handle destroyed!
Miri: Dropping GenMC handle successful!
