Running GenMC Verification...
warning: GenMC currently does not model the failure ordering for `compare_exchange`. Due to success ordering 'Acquire', the failure ordering 'Relaxed' is treated like 'Acquire'. Miri with GenMC might miss bugs related to this memory access.
  --> RUSTLIB/alloc/src/sync.rs:LL:CC
   |
LL |             match this.inner().weak.compare_exchange_weak(cur, cur + 1, Acquire, Relaxed) {
   |                   ^^^^^^^^^^^^^^^^^^^^^^^^^^^^^^^^^^^^^^^^^^^^^^^^^^^^^^^^^^^^^^^^^^^^^^^ GenMC might miss possible behaviors of this code
   |
   = note: BACKTRACE:
   = note: inside `std::sync::Arc::<i32>::downgrade` at RUSTLIB/alloc/src/sync.rs:LL:CC
note: inside `miri_start`
  --> tests/genmc/pass/atomic-primitives/arc.rs:LL:CC
   |
LL |     let weak = Arc::downgrade(&data_clone);
   |                ^^^^^^^^^^^^^^^^^^^^^^^^^^^

warning: GenMC currently does not model spurious failures of `compare_exchange_weak`. Miri with GenMC might miss bugs related to spurious failures.
  --> RUSTLIB/alloc/src/sync.rs:LL:CC
   |
LL |             match this.inner().weak.compare_exchange_weak(cur, cur + 1, Acquire, Relaxed) {
   |                   ^^^^^^^^^^^^^^^^^^^^^^^^^^^^^^^^^^^^^^^^^^^^^^^^^^^^^^^^^^^^^^^^^^^^^^^ GenMC might miss possible behaviors of this code
   |
   = note: BACKTRACE:
   = note: inside `std::sync::Arc::<i32>::downgrade` at RUSTLIB/alloc/src/sync.rs:LL:CC
note: inside `miri_start`
  --> tests/genmc/pass/atomic-primitives/arc.rs:LL:CC
   |
LL |     let weak = Arc::downgrade(&data_clone);
   |                ^^^^^^^^^^^^^^^^^^^^^^^^^^^

warning: GenMC currently does not model the failure ordering for `compare_exchange`. Due to success ordering 'Acquire', the failure ordering 'Relaxed' is treated like 'Acquire'. Miri with GenMC might miss bugs related to this memory access.
  --> RUSTLIB/std/src/sys/sync/PLATFORM/futex.rs:LL:CC
   |
LL |               || self
   |  ________________^
LL | |                 .state
LL | |                 .compare_exchange_weak(state, state + READ_LOCKED, Acquire, Relaxed)
   | |____________________________________________________________________________________^ GenMC might miss possible behaviors of this code
   |
   = note: BACKTRACE:
   = note: inside `std::sys::sync::PLATFORM::futex::RwLock::read` at RUSTLIB/std/src/sys/sync/PLATFORM/futex.rs:LL:CC
   = note: inside `std::sync::RwLock::<()>::read` at RUSTLIB/std/src/sync/poison/rwlock.rs:LL:CC
   = note: inside `std::sys::env::PLATFORM::env_read_lock` at RUSTLIB/std/src/sys/env/PLATFORM.rs:LL:CC
   = note: inside closure at RUSTLIB/std/src/sys/env/PLATFORM.rs:LL:CC
   = note: inside `std::sys::pal::PLATFORM::small_c_string::run_with_cstr_stack::<std::option::Option<std::ffi::OsString>>` at RUSTLIB/std/src/sys/pal/PLATFORM/small_c_string.rs:LL:CC
   = note: inside `std::sys::pal::PLATFORM::small_c_string::run_with_cstr::<std::option::Option<std::ffi::OsString>>` at RUSTLIB/std/src/sys/pal/PLATFORM/small_c_string.rs:LL:CC
   = note: inside `std::sys::env::PLATFORM::getenv` at RUSTLIB/std/src/sys/env/PLATFORM.rs:LL:CC
   = note: inside `std::env::_var_os` at RUSTLIB/std/src/env.rs:LL:CC
   = note: inside `std::env::var_os::<&str>` at RUSTLIB/std/src/env.rs:LL:CC
   = note: inside closure at RUSTLIB/std/src/thread/mod.rs:LL:CC
note: inside `miri_start`
  --> tests/genmc/pass/atomic-primitives/arc.rs:LL:CC
   |
LL |       let handle = thread::spawn(move || {
   |  __________________^
...  |
LL | |     });
   | |______^

warning: GenMC currently does not model spurious failures of `compare_exchange_weak`. Miri with GenMC might miss bugs related to spurious failures.
  --> RUSTLIB/std/src/sys/sync/PLATFORM/futex.rs:LL:CC
   |
LL |               || self
   |  ________________^
LL | |                 .state
LL | |                 .compare_exchange_weak(state, state + READ_LOCKED, Acquire, Relaxed)
   | |____________________________________________________________________________________^ GenMC might miss possible behaviors of this code
   |
   = note: BACKTRACE:
   = note: inside `std::sys::sync::PLATFORM::futex::RwLock::read` at RUSTLIB/std/src/sys/sync/PLATFORM/futex.rs:LL:CC
   = note: inside `std::sync::RwLock::<()>::read` at RUSTLIB/std/src/sync/poison/rwlock.rs:LL:CC
   = note: inside `std::sys::env::PLATFORM::env_read_lock` at RUSTLIB/std/src/sys/env/PLATFORM.rs:LL:CC
   = note: inside closure at RUSTLIB/std/src/sys/env/PLATFORM.rs:LL:CC
   = note: inside `std::sys::pal::PLATFORM::small_c_string::run_with_cstr_stack::<std::option::Option<std::ffi::OsString>>` at RUSTLIB/std/src/sys/pal/PLATFORM/small_c_string.rs:LL:CC
   = note: inside `std::sys::pal::PLATFORM::small_c_string::run_with_cstr::<std::option::Option<std::ffi::OsString>>` at RUSTLIB/std/src/sys/pal/PLATFORM/small_c_string.rs:LL:CC
   = note: inside `std::sys::env::PLATFORM::getenv` at RUSTLIB/std/src/sys/env/PLATFORM.rs:LL:CC
   = note: inside `std::env::_var_os` at RUSTLIB/std/src/env.rs:LL:CC
   = note: inside `std::env::var_os::<&str>` at RUSTLIB/std/src/env.rs:LL:CC
   = note: inside closure at RUSTLIB/std/src/thread/mod.rs:LL:CC
note: inside `miri_start`
  --> tests/genmc/pass/atomic-primitives/arc.rs:LL:CC
   |
LL |       let handle = thread::spawn(move || {
   |  __________________^
...  |
LL | |     });
   | |______^

warning: GenMC currently does not model the failure ordering for `compare_exchange`. Due to success ordering 'Acquire', the failure ordering 'Relaxed' is treated like 'Acquire'. Miri with GenMC might miss bugs related to this memory access.
  --> RUSTLIB/alloc/src/sync.rs:LL:CC
   |
LL |         if this.inner().weak.compare_exchange(1, usize::MAX, Acquire, Relaxed).is_ok() {
   |            ^^^^^^^^^^^^^^^^^^^^^^^^^^^^^^^^^^^^^^^^^^^^^^^^^^^^^^^^^^^^^^^^^^^ GenMC might miss possible behaviors of this code
   |
   = note: BACKTRACE:
   = note: inside `std::sync::Arc::<std::thread::Packet<'_, ()>>::is_unique` at RUSTLIB/alloc/src/sync.rs:LL:CC
   = note: inside `std::sync::Arc::<std::thread::Packet<'_, ()>>::get_mut` at RUSTLIB/alloc/src/sync.rs:LL:CC
   = note: inside `std::thread::JoinInner::<'_, ()>::join` at RUSTLIB/std/src/thread/mod.rs:LL:CC
   = note: inside `std::thread::JoinHandle::<()>::join` at RUSTLIB/std/src/thread/mod.rs:LL:CC
note: inside `miri_start`
  --> tests/genmc/pass/atomic-primitives/arc.rs:LL:CC
   |
LL |     handle.join().unwrap();
   |     ^^^^^^^^^^^^^

warning: GenMC currently does not model the failure ordering for `compare_exchange`. Due to success ordering 'Acquire', the failure ordering 'Relaxed' is treated like 'Acquire'. Miri with GenMC might miss bugs related to this memory access.
  --> RUSTLIB/alloc/src/sync.rs:LL:CC
   |
LL |         if self.inner()?.strong.fetch_update(Acquire, Relaxed, checked_increment).is_ok() {
   |            ^^^^^^^^^^^^^^^^^^^^^^^^^^^^^^^^^^^^^^^^^^^^^^^^^^^^^^^^^^^^^^^^^^^^^^ GenMC might miss possible behaviors of this code
   |
   = note: BACKTRACE on thread `unnamed-ID`:
   = note: inside `std::sync::Weak::<i32>::upgrade` at RUSTLIB/alloc/src/sync.rs:LL:CC
note: inside closure
  --> tests/genmc/pass/atomic-primitives/arc.rs:LL:CC
   |
LL |         if let Some(strong) = weak_.upgrade() {
   |                               ^^^^^^^^^^^^^^^

warning: GenMC currently does not model spurious failures of `compare_exchange_weak`. Miri with GenMC might miss bugs related to spurious failures.
  --> RUSTLIB/alloc/src/sync.rs:LL:CC
   |
LL |         if self.inner()?.strong.fetch_update(Acquire, Relaxed, checked_increment).is_ok() {
   |            ^^^^^^^^^^^^^^^^^^^^^^^^^^^^^^^^^^^^^^^^^^^^^^^^^^^^^^^^^^^^^^^^^^^^^^ GenMC might miss possible behaviors of this code
   |
   = note: BACKTRACE on thread `unnamed-ID`:
   = note: inside `std::sync::Weak::<i32>::upgrade` at RUSTLIB/alloc/src/sync.rs:LL:CC
note: inside closure
  --> tests/genmc/pass/atomic-primitives/arc.rs:LL:CC
   |
LL |         if let Some(strong) = weak_.upgrade() {
   |                               ^^^^^^^^^^^^^^^

Verification complete with 7 executions. No errors found.
